// Vitest Snapshot v1

exports[`Mount component 1`] = `"<div class=\\"h-5 w-[90px]\\"><img class=\\"inline h-2.5 w-2.5 relative left-[-2px] top-[-4px]\\" src=\\"/src/assets/icons/clock.svg\\" /><span class=\\"text-black-light inline-block font-sans text-lg font-normal leading-5 text-right\\">12:00</span></div>"`;
