// Vitest Snapshot v1

exports[`Mount component 1`] = `"<a class=\\"flex flex-col justify-start items-center w-18\\" href=\\"http://www.facebook.com/share.php?u=my-website.com\\" target=\\"_blank\\" rel=\\"noopener\\"><img class=\\"w-16 h-16\\" src=\\"/src/assets/icons/social/facebook.svg\\" /><span class=\\"font-sans text-white text-base capitalize\\">facebook</span></a>"`;
