// Vitest Snapshot v1

exports[`Mount component 1`] = `"<div><img class=\\"h-3 relative top-[-1px] left-[-2px] w-3 inline\\" aria-label=\\"coming in\\" src=\\"/src/assets/icons/rss.svg\\" /><span class=\\"text-black-light font-sans text-lg font-normal leading-5\\" style=\\"width: 100px;\\">2 min</span></div>"`;
