// Vitest Snapshot v1

exports[`TimeSlot component > should mount 1`] = `
"<li class=\\"disable\\" style=\\"color: red;\\" tabindex=\\"0\\" data-v-62a17b5e=\\"\\">
  <div id=\\"test\\" aria-label=\\"B Bus\\" class=\\"border border-solid border-grey-light h-[25px] w-[50px] rounded-sm overflow-hidden\\" data-v-62a17b5e=\\"\\">
    <div class=\\"items-center inline-flex justify-center w-1/2 h-full bg-bus-green border-r-grey-light border-r\\"><img src=\\"/src/assets/icons/bus.svg\\" /></div>
    <div class=\\"items-center inline-flex justify-center w-1/2 h-full align-top font-sans text-black-light\\" aria-labelledby=\\"test\\">B</div>
  </div>
  <div data-v-015bd910=\\"\\" data-v-62a17b5e=\\"\\"><img src=\\"/src/assets/icons/clock.svg\\" data-v-015bd910=\\"\\" /><span data-v-015bd910=\\"\\">12:00am</span></div>
  <div data-v-62a17b5e=\\"\\"><img class=\\"h-3 relative top-[-1px] left-[-2px] w-3 inline\\" aria-label=\\"coming in\\" src=\\"/src/assets/icons/rss.svg\\" /><span class=\\"text-black-light font-sans text-lg font-normal leading-5\\" style=\\"width: 100px;\\">2 min</span></div>
</li>"
`;
